// Jest Snapshot v1, https://goo.gl/fbAQLP

exports[`1- default state 1`] = `
Object {
  "inProgress": false,
  "list": Array [],
}
`;

exports[`2- add to queue 1`] = `
Object {
  "inProgress": false,
  "list": Array [
    Object {
      "id": "document.pdf-10-1589567882559",
      "obj": File {},
      "progress": 0,
      "status": 1,
    },
    Object {
      "id": "sheet.xls-10-1589567882559",
      "obj": File {},
      "progress": 0,
      "status": 1,
    },
  ],
}
`;

exports[`3- reset queue 1`] = `
Object {
  "inProgress": false,
  "list": Array [],
}
`;
